[2026-04-17 16:00:32] ============================================================
[2026-04-17 16:00:32] 003 产品上传执行开始
[2026-04-17 16:00:32] 批次号: UP-20260417-160032
[2026-04-17 16:00:32] 找到待上传记录: 19 条
[2026-04-17 16:00:32] 处理记录: 序号 1
[2026-04-17 16:00:32]   [模拟上传] 序号 1: 5-in-1 Multi-Functional Opener
[2026-04-17 16:00:32]   ✓ 上传成功
[2026-04-17 16:00:32] 处理记录: 序号 2
[2026-04-17 16:00:32]   [模拟上传] 序号 2: Vanity Table with Mirror and Stool
[2026-04-17 16:00:32]   ✓ 上传成功
[2026-04-17 16:00:32] 处理记录: 序号 3
[2026-04-17 16:00:32]   [模拟上传] 序号 3: Kitchen Baker’s Rack with Fridge Space
[2026-04-17 16:00:32]   ✓ 上传成功
[2026-04-17 16:00:32] 处理记录: 序号 4
[2026-04-17 16:00:32]   [模拟上传] 序号 4: 3D Printer Storage Workbench
[2026-04-17 16:00:32]   ✓ 上传成功
[2026-04-17 16:00:32] 处理记录: 序号 5
[2026-04-17 16:00:32]   [模拟上传] 序号 5: Kids’ Bookshelf and Toy Organizer
[2026-04-17 16:00:32]   ✓ 上传成功
[2026-04-17 16:00:32] 处理记录: 序号 6
[2026-04-17 16:00:32]   [模拟上传] 序号 6: Indoor Plant Stand
[2026-04-17 16:00:32]   ✓ 上传成功
[2026-04-17 16:00:32] 处理记录: 序号 7
[2026-04-17 16:00:32]   [模拟上传] 序号 7: Vinyl Record Storage Shelf
[2026-04-17 16:00:32]   ✓ 上传成功
[2026-04-17 16:00:32] 处理记录: 序号 8
[2026-04-17 16:00:32]   [模拟上传] 序号 8: Rolling Gym Equipment Organizer
[2026-04-17 16:00:32]   ✓ 上传成功
[2026-04-17 16:00:32] 处理记录: 序号 9
[2026-04-17 16:00:32]   [模拟上传] 序号 9: Adjustable Puzzle Frame
[2026-04-17 16:00:32]   ✓ 上传成功
[2026-04-17 16:00:32] 处理记录: 序号 10
[2026-04-17 16:00:32]   [模拟上传] 序号 10: Swivel Hammock Swing Chair with Stand (Lifestyle)
[2026-04-17 16:00:32]   ✓ 上传成功
[2026-04-17 16:00:32] 处理记录: 序号 11
[2026-04-17 16:00:32]   [模拟上传] 序号 11: Black Coffee Maker / French Press-style Pot
[2026-04-17 16:00:32]   ✓ 上传成功
[2026-04-17 16:00:32] 处理记录: 序号 12
[2026-04-17 16:00:32]   [模拟上传] 序号 12: Pour-Over Coffee Carafe with Filter
[2026-04-17 16:00:32]   ✓ 上传成功
[2026-04-17 16:00:32] 处理记录: 序号 13
[2026-04-17 16:00:32]   [模拟上传] 序号 13: Manual Coffee Grinder
[2026-04-17 16:00:32]   ✓ 上传成功
[2026-04-17 16:00:32] 处理记录: 序号 14
[2026-04-17 16:00:32]   [模拟上传] 序号 14: French Press with Iced Coffee
[2026-04-17 16:00:32]   ✓ 上传成功
[2026-04-17 16:00:32] 处理记录: 序号 15
[2026-04-17 16:00:32]   [模拟上传] 序号 15: Portable Manual Coffee Grinder (Thumbnail)
[2026-04-17 16:00:32]   ✓ 上传成功
[2026-04-17 16:00:32] 处理记录: 序号 16
[2026-04-17 16:00:32]   [模拟上传] 序号 16: Cold Brew or Iced Coffee Maker (Thumbnail)
[2026-04-17 16:00:32]   ✓ 上传成功
[2026-04-17 16:00:32] 处理记录: 序号 17
[2026-04-17 16:00:32]   [模拟上传] 序号 17: Luggage Rack with Storage Shelves
[2026-04-17 16:00:32]   ✓ 上传成功
[2026-04-17 16:00:32] 处理记录: 序号 18
[2026-04-17 16:00:32]   [模拟上传] 序号 18: Vacuum Coffee Canister
[2026-04-17 16:00:32]   ✓ 上传成功
[2026-04-17 16:00:32] 处理记录: 序号 19
[2026-04-17 16:00:32]   [模拟上传] 序号 19: Swivel Hammock Swing Chair with Stand (Empty)
[2026-04-17 16:00:32]   ✓ 上传成功
[2026-04-17 16:00:32] 已保存 Excel: C:\Users\Win11\Desktop\XCSOURCE\assets\products\产品识别.xlsx
[2026-04-17 16:00:32] 已保存上传状态: C:\Users\Win11\Desktop\XCSOURCE\assets\products\upload_state.json
[2026-04-17 16:00:32] 
[2026-04-17 16:00:32] 批次 UP-20260417-160032 完成:
[2026-04-17 16:00:32]   成功: 19
[2026-04-17 16:00:32]   失败: 0
[2026-04-17 16:00:32]   跳过: 0
[2026-04-17 16:00:32]   总计: 19
[2026-04-17 16:00:32] ============================================================
[2026-04-17 16:07:48] ============================================================
[2026-04-17 16:07:48] 003 产品上传执行开始 | mode=manual-mark | target=manual
[2026-04-17 16:07:48] 批次号: UP-20260417-160748
[2026-04-17 16:07:48] 找到待上传记录: 0 条
[2026-04-17 16:07:48] 没有待上传记录
[2026-04-17 16:07:48] ============================================================
[2026-04-17 16:10:01] ============================================================
[2026-04-17 16:10:01] 003 产品上传执行开始 | mode=manual-mark | target=manual
[2026-04-17 16:10:01] 批次号: UP-20260417-161001
[2026-04-17 16:10:01] 找到待上传记录: 2 条
[2026-04-17 16:10:01] 处理记录: PRD-UNKNOWN-2 | 序号 1 | 5-in-1 Multi-Functional Opener
[2026-04-17 16:10:01]   [manual-mark] PRD-UNKNOWN-2 -> IK200101-A-16-1-7.jpg
[2026-04-17 16:10:01]   ✓ 上传成功
[2026-04-17 16:10:01] 处理记录: PRD-UNKNOWN-3 | 序号 2 | Vanity Table with Mirror and Stool
[2026-04-17 16:10:01]   [manual-mark] PRD-UNKNOWN-3 -> IK2036-A-16-mian01.jpg
[2026-04-17 16:10:01]   ✓ 上传成功
[2026-04-17 16:10:01] 
[2026-04-17 16:10:01] 批次 UP-20260417-161001 完成:
[2026-04-17 16:10:01]   成功: 2
[2026-04-17 16:10:01]   失败: 0
[2026-04-17 16:10:01]   跳过/其他: 0
[2026-04-17 16:10:01]   总计: 2
[2026-04-17 16:10:01]   Excel: C:\Users\Win11\Desktop\XCSOURCE\assets\products\产品识别.xlsx
[2026-04-17 16:10:01]   JSON: C:\Users\Win11\Desktop\XCSOURCE\assets\products\upload_state.json
[2026-04-17 16:10:01] ============================================================
[2026-04-17 16:21:03] ============================================================
[2026-04-17 16:21:03] 003 产品上传执行开始 | mode=local-copy | target=local_outbox
[2026-04-17 16:21:03] 批次号: UP-20260417-162103
[2026-04-17 16:21:03] 找到待上传记录: 1 条
[2026-04-17 16:21:03] 处理记录: PRD-UNKNOWN-4 | 序号 3 | Kitchen Baker’s Rack with Fridge Space
[2026-04-17 16:21:03]   [local-copy] PRD-UNKNOWN-4 -> IK500302-A-16-1-2.jpg
[2026-04-17 16:21:03]   ✓ 上传成功
[2026-04-17 16:21:03] 
[2026-04-17 16:21:03] 批次 UP-20260417-162103 完成:
[2026-04-17 16:21:03]   成功: 1
[2026-04-17 16:21:03]   失败: 0
[2026-04-17 16:21:03]   跳过/其他: 0
[2026-04-17 16:21:03]   总计: 1
[2026-04-17 16:21:03]   Excel: C:\Users\Win11\Desktop\XCSOURCE\assets\products\产品识别.xlsx
[2026-04-17 16:21:03]   JSON: C:\Users\Win11\Desktop\XCSOURCE\assets\products\upload_state.json
[2026-04-17 16:21:03]   上传目录: C:\Users\Win11\Desktop\XCSOURCE\assets\products\uploaded_by_003
[2026-04-17 16:21:03] ============================================================
[2026-04-17 16:28:37] ============================================================
[2026-04-17 16:28:37] 003 产品上传执行开始 | mode=local-copy | target=github_pages
[2026-04-17 16:28:37] 批次号: UP-20260417-162837
[2026-04-17 16:28:37] 找到待上传记录: 1 条
[2026-04-17 16:28:37] 处理记录: PRD-UNKNOWN-5 | 序号 4 | 3D Printer Storage Workbench
[2026-04-17 16:28:37]   [local-copy] PRD-UNKNOWN-5 -> IK600209-A-16-1-1.jpg
[2026-04-17 16:28:37]   ✓ 上传成功
